// Jest Snapshot v1, https://goo.gl/fbAQLP

exports[`should match snapshot 1`] = `
Object {
  "metadata": Object {
    "title": "StreamGato",
  },
  "widgets": Array [
    Object {
      "alias": "cd",
      "name": "Countdown Timer",
      "params": Object {
        "background": Object {
          "label": "Background color",
          "shorthand": "bg",
          "type": "string",
          "value": "#000000",
        },
        "color": Object {
          "label": "Text color",
          "shorthand": "col",
          "type": "string",
          "value": "#ffffff",
        },
        "customCSS": Object {
          "label": "Custom stylesheet URL",
          "shorthand": "cs",
          "type": "string",
          "value": "http://example.org",
        },
        "fontFamily": Object {
          "label": "Font family",
          "shorthand": "ff",
          "type": "string",
          "value": "Arial",
        },
        "fontSize": Object {
          "label": "Font size",
          "shorthand": "fz",
          "type": "number",
          "value": 24,
        },
        "fontStyle": Object {
          "label": "Font style",
          "shorthand": "fs",
          "type": "string",
          "value": "normal",
        },
        "fontWeight": Object {
          "label": "Font weight",
          "shorthand": "fw",
          "type": "string",
          "value": "bold",
        },
        "hours": Object {
          "label": "Hours",
          "shorthand": "h",
          "type": "number",
          "value": 1,
        },
        "letterSpacing": Object {
          "label": "Letter spacing",
          "shorthand": "ls",
          "type": "string",
          "value": "auto",
        },
        "minutes": Object {
          "label": "Minutes",
          "shorthand": "m",
          "type": "number",
          "value": 5,
        },
        "paddingBottom": Object {
          "label": "Bottom padding",
          "shorthand": "pb",
          "type": "number",
          "value": 5,
        },
        "paddingLeft": Object {
          "label": "Left padding",
          "shorthand": "pl",
          "type": "number",
          "value": 5,
        },
        "paddingRight": Object {
          "label": "Right padding",
          "shorthand": "pr",
          "type": "number",
          "value": 5,
        },
        "paddingTop": Object {
          "label": "Top padding",
          "shorthand": "pt",
          "type": "number",
          "value": 5,
        },
        "seconds": Object {
          "label": "Seconds",
          "shorthand": "s",
          "type": "number",
          "value": 30,
        },
        "width": Object {
          "label": "Container width",
          "shorthand": "w",
          "type": "number",
          "value": "200",
        },
      },
      "route": "/countdowntimer",
    },
    Object {
      "alias": "st",
      "name": "Stream Timer",
      "params": Object {
        "background": Object {
          "label": "Background color",
          "shorthand": "bg",
          "type": "string",
          "value": "#000000",
        },
        "color": Object {
          "label": "Text color",
          "shorthand": "col",
          "type": "string",
          "value": "#ffffff",
        },
        "customCSS": Object {
          "label": "Custom stylesheet URL",
          "shorthand": "cs",
          "type": "string",
          "value": "http://example.org",
        },
        "fontFamily": Object {
          "label": "Font family",
          "shorthand": "ff",
          "type": "string",
          "value": "Arial",
        },
        "fontSize": Object {
          "label": "Font size",
          "shorthand": "fz",
          "type": "number",
          "value": 24,
        },
        "fontStyle": Object {
          "label": "Font style",
          "shorthand": "fs",
          "type": "string",
          "value": "normal",
        },
        "fontWeight": Object {
          "label": "Font weight",
          "shorthand": "fw",
          "type": "string",
          "value": "bold",
        },
        "hours": Object {
          "label": "Hours",
          "shorthand": "h",
          "type": "number",
          "value": 1,
        },
        "letterSpacing": Object {
          "label": "Letter spacing",
          "shorthand": "ls",
          "type": "string",
          "value": "auto",
        },
        "minutes": Object {
          "label": "Minutes",
          "shorthand": "m",
          "type": "number",
          "value": 5,
        },
        "paddingBottom": Object {
          "label": "Bottom padding",
          "shorthand": "pb",
          "type": "number",
          "value": 5,
        },
        "paddingLeft": Object {
          "label": "Left padding",
          "shorthand": "pl",
          "type": "number",
          "value": 5,
        },
        "paddingRight": Object {
          "label": "Right padding",
          "shorthand": "pr",
          "type": "number",
          "value": 5,
        },
        "paddingTop": Object {
          "label": "Top padding",
          "shorthand": "pt",
          "type": "number",
          "value": 5,
        },
        "seconds": Object {
          "label": "Seconds",
          "shorthand": "s",
          "type": "number",
          "value": 30,
        },
        "width": Object {
          "label": "Container width",
          "shorthand": "w",
          "type": "number",
          "value": "200",
        },
      },
      "route": "/streamtimer",
    },
    Object {
      "alias": "sm",
      "name": "Social Media Widget",
      "params": Object {
        "background": Object {
          "label": "Background color",
          "shorthand": "bg",
          "type": "string",
          "value": "#000000",
        },
        "color": Object {
          "label": "Text color",
          "shorthand": "col",
          "type": "string",
          "value": "#ffffff",
        },
        "customCSS": Object {
          "label": "Custom stylesheet URL",
          "shorthand": "cs",
          "type": "string",
          "value": "http://example.org",
        },
        "fontFamily": Object {
          "label": "Font family",
          "shorthand": "ff",
          "type": "string",
          "value": "Arial",
        },
        "fontSize": Object {
          "label": "Font size",
          "shorthand": "fz",
          "type": "number",
          "value": 24,
        },
        "fontStyle": Object {
          "label": "Font style",
          "shorthand": "fs",
          "type": "string",
          "value": "normal",
        },
        "fontWeight": Object {
          "label": "Font weight",
          "shorthand": "fw",
          "type": "string",
          "value": "bold",
        },
        "hours": Object {
          "label": "Hours",
          "shorthand": "h",
          "type": "number",
          "value": 1,
        },
        "letterSpacing": Object {
          "label": "Letter spacing",
          "shorthand": "ls",
          "type": "string",
          "value": "auto",
        },
        "minutes": Object {
          "label": "Minutes",
          "shorthand": "m",
          "type": "number",
          "value": 5,
        },
        "paddingBottom": Object {
          "label": "Bottom padding",
          "shorthand": "pb",
          "type": "number",
          "value": 5,
        },
        "paddingLeft": Object {
          "label": "Left padding",
          "shorthand": "pl",
          "type": "number",
          "value": 5,
        },
        "paddingRight": Object {
          "label": "Right padding",
          "shorthand": "pr",
          "type": "number",
          "value": 5,
        },
        "paddingTop": Object {
          "label": "Top padding",
          "shorthand": "pt",
          "type": "number",
          "value": 5,
        },
        "seconds": Object {
          "label": "Seconds",
          "shorthand": "s",
          "type": "number",
          "value": 30,
        },
        "width": Object {
          "label": "Container width",
          "shorthand": "w",
          "type": "number",
          "value": "200",
        },
      },
      "route": "/socialmediawidget",
    },
    Object {
      "alias": "lf",
      "name": "Last.fm Recent Song",
      "params": Object {
        "background": Object {
          "label": "Background color",
          "shorthand": "bg",
          "type": "string",
          "value": "#000000",
        },
        "color": Object {
          "label": "Text color",
          "shorthand": "col",
          "type": "string",
          "value": "#ffffff",
        },
        "customCSS": Object {
          "label": "Custom stylesheet URL",
          "shorthand": "cs",
          "type": "string",
          "value": "http://example.org",
        },
        "fontFamily": Object {
          "label": "Font family",
          "shorthand": "ff",
          "type": "string",
          "value": "Arial",
        },
        "fontSize": Object {
          "label": "Font size",
          "shorthand": "fz",
          "type": "number",
          "value": 24,
        },
        "fontStyle": Object {
          "label": "Font style",
          "shorthand": "fs",
          "type": "string",
          "value": "normal",
        },
        "fontWeight": Object {
          "label": "Font weight",
          "shorthand": "fw",
          "type": "string",
          "value": "bold",
        },
        "hours": Object {
          "label": "Hours",
          "shorthand": "h",
          "type": "number",
          "value": 1,
        },
        "letterSpacing": Object {
          "label": "Letter spacing",
          "shorthand": "ls",
          "type": "string",
          "value": "auto",
        },
        "minutes": Object {
          "label": "Minutes",
          "shorthand": "m",
          "type": "number",
          "value": 5,
        },
        "paddingBottom": Object {
          "label": "Bottom padding",
          "shorthand": "pb",
          "type": "number",
          "value": 5,
        },
        "paddingLeft": Object {
          "label": "Left padding",
          "shorthand": "pl",
          "type": "number",
          "value": 5,
        },
        "paddingRight": Object {
          "label": "Right padding",
          "shorthand": "pr",
          "type": "number",
          "value": 5,
        },
        "paddingTop": Object {
          "label": "Top padding",
          "shorthand": "pt",
          "type": "number",
          "value": 5,
        },
        "seconds": Object {
          "label": "Seconds",
          "shorthand": "s",
          "type": "number",
          "value": 30,
        },
        "width": Object {
          "label": "Container width",
          "shorthand": "w",
          "type": "number",
          "value": "200",
        },
      },
      "route": "/lastfmrecentsong",
    },
  ],
}
`;
