// Jest Snapshot v1, https://goo.gl/fbAQLP

exports[`should match snapshot 1`] = `
Object {
  "metadata": Object {
    "title": "StreamGato",
  },
  "widgets": Array [
    Object {
      "alias": "ct",
      "name": "Countdown Timer",
      "params": Object {
        "background": Object {
          "info": "Hex, RGB or RGBA. 'transparent' for no color",
          "label": "Background color",
          "shorthand": "bg",
          "type": "string",
          "value": "#000000",
        },
        "color": Object {
          "info": "Hex, RGB or RGBA",
          "label": "Text color",
          "shorthand": "col",
          "type": "string",
          "value": "#ffffff",
        },
        "customCSS": Object {
          "info": "HTTPS links only",
          "label": "Custom stylesheet URL",
          "shorthand": "cs",
          "type": "string",
          "value": "",
        },
        "fontFamily": Object {
          "label": "Font family",
          "shorthand": "ff",
          "type": "string",
          "value": "Arial",
        },
        "fontSize": Object {
          "label": "Font size (px)",
          "min": 1,
          "shorthand": "fz",
          "type": "number",
          "value": 24,
        },
        "fontStyle": Object {
          "info": "Available options: normal, italic, oblique",
          "label": "Font style",
          "shorthand": "fs",
          "type": "string",
          "value": "",
        },
        "fontWeight": Object {
          "label": "Font weight",
          "shorthand": "fw",
          "type": "string",
          "value": "bold",
        },
        "hours": Object {
          "label": "Hours",
          "min": 0,
          "shorthand": "h",
          "type": "number",
          "value": 0,
        },
        "leadingZeros": Object {
          "info": "true or false",
          "label": "Leading zeros?",
          "shorthand": "lz",
          "type": "string",
          "value": "true",
        },
        "letterSpacing": Object {
          "info": "0 = normal",
          "label": "Letter spacing (px)",
          "shorthand": "ls",
          "type": "string",
          "value": "",
        },
        "minutes": Object {
          "info": "0 to 59",
          "label": "Minutes",
          "max": 59,
          "min": 0,
          "shorthand": "m",
          "type": "number",
          "value": 0,
        },
        "paddingBottom": Object {
          "label": "Bottom padding (px)",
          "min": 0,
          "shorthand": "pb",
          "type": "number",
          "value": 0,
        },
        "paddingLeft": Object {
          "label": "Left padding (px)",
          "min": 0,
          "shorthand": "pl",
          "type": "number",
          "value": 0,
        },
        "paddingRight": Object {
          "label": "Right padding (px)",
          "min": 0,
          "shorthand": "pr",
          "type": "number",
          "value": 0,
        },
        "paddingTop": Object {
          "label": "Top padding (px)",
          "min": 0,
          "shorthand": "pt",
          "type": "number",
          "value": 0,
        },
        "seconds": Object {
          "info": "0 to 59",
          "label": "Seconds",
          "max": 59,
          "min": 0,
          "shorthand": "s",
          "type": "number",
          "value": 0,
        },
        "textAlign": Object {
          "info": "Available options: left, center, right",
          "label": "Text align",
          "shorthand": "ta",
          "type": "string",
          "value": "center",
        },
        "width": Object {
          "info": "0 = width calculated automatically",
          "label": "Container width",
          "shorthand": "w",
          "type": "number",
          "value": 0,
        },
      },
      "route": "/countdowntimer",
    },
    Object {
      "alias": "st",
      "name": "Stream Timer",
      "params": Object {
        "background": Object {
          "label": "Background color",
          "shorthand": "bg",
          "type": "string",
          "value": "#000000",
        },
        "color": Object {
          "label": "Text color",
          "shorthand": "col",
          "type": "string",
          "value": "#ffffff",
        },
        "customCSS": Object {
          "label": "Custom stylesheet URL",
          "shorthand": "cs",
          "type": "string",
          "value": "http://example.org",
        },
        "fontFamily": Object {
          "label": "Font family",
          "shorthand": "ff",
          "type": "string",
          "value": "Arial",
        },
        "fontSize": Object {
          "label": "Font size",
          "shorthand": "fz",
          "type": "number",
          "value": 24,
        },
        "fontStyle": Object {
          "label": "Font style",
          "shorthand": "fs",
          "type": "string",
          "value": "normal",
        },
        "fontWeight": Object {
          "label": "Font weight",
          "shorthand": "fw",
          "type": "string",
          "value": "bold",
        },
        "hours": Object {
          "label": "Hours",
          "shorthand": "h",
          "type": "number",
          "value": 0,
        },
        "letterSpacing": Object {
          "label": "Letter spacing",
          "shorthand": "ls",
          "type": "string",
          "value": "auto",
        },
        "minutes": Object {
          "label": "Minutes",
          "shorthand": "m",
          "type": "number",
          "value": 0,
        },
        "paddingBottom": Object {
          "label": "Bottom padding",
          "shorthand": "pb",
          "type": "number",
          "value": 5,
        },
        "paddingLeft": Object {
          "label": "Left padding",
          "shorthand": "pl",
          "type": "number",
          "value": 5,
        },
        "paddingRight": Object {
          "label": "Right padding",
          "shorthand": "pr",
          "type": "number",
          "value": 5,
        },
        "paddingTop": Object {
          "label": "Top padding",
          "shorthand": "pt",
          "type": "number",
          "value": 5,
        },
        "seconds": Object {
          "label": "Seconds",
          "shorthand": "s",
          "type": "number",
          "value": 0,
        },
        "width": Object {
          "label": "Container width",
          "shorthand": "w",
          "type": "number",
          "value": "200",
        },
      },
      "route": "/streamtimer",
    },
    Object {
      "alias": "sm",
      "name": "Social Media Widget",
      "params": Object {
        "background": Object {
          "label": "Background color",
          "shorthand": "bg",
          "type": "string",
          "value": "#000000",
        },
        "color": Object {
          "label": "Text color",
          "shorthand": "col",
          "type": "string",
          "value": "#ffffff",
        },
        "customCSS": Object {
          "label": "Custom stylesheet URL",
          "shorthand": "cs",
          "type": "string",
          "value": "http://example.org",
        },
        "fontFamily": Object {
          "label": "Font family",
          "shorthand": "ff",
          "type": "string",
          "value": "Arial",
        },
        "fontSize": Object {
          "label": "Font size",
          "shorthand": "fz",
          "type": "number",
          "value": 24,
        },
        "fontStyle": Object {
          "label": "Font style",
          "shorthand": "fs",
          "type": "string",
          "value": "normal",
        },
        "fontWeight": Object {
          "label": "Font weight",
          "shorthand": "fw",
          "type": "string",
          "value": "bold",
        },
        "hours": Object {
          "label": "Hours",
          "shorthand": "h",
          "type": "number",
          "value": 1,
        },
        "letterSpacing": Object {
          "label": "Letter spacing",
          "shorthand": "ls",
          "type": "string",
          "value": "auto",
        },
        "minutes": Object {
          "label": "Minutes",
          "shorthand": "m",
          "type": "number",
          "value": 5,
        },
        "paddingBottom": Object {
          "label": "Bottom padding",
          "shorthand": "pb",
          "type": "number",
          "value": 5,
        },
        "paddingLeft": Object {
          "label": "Left padding",
          "shorthand": "pl",
          "type": "number",
          "value": 5,
        },
        "paddingRight": Object {
          "label": "Right padding",
          "shorthand": "pr",
          "type": "number",
          "value": 5,
        },
        "paddingTop": Object {
          "label": "Top padding",
          "shorthand": "pt",
          "type": "number",
          "value": 5,
        },
        "seconds": Object {
          "label": "Seconds",
          "shorthand": "s",
          "type": "number",
          "value": 30,
        },
        "width": Object {
          "label": "Container width",
          "shorthand": "w",
          "type": "number",
          "value": "200",
        },
      },
      "route": "/socialmediawidget",
    },
    Object {
      "alias": "rs",
      "name": "Last.fm Recent Song",
      "params": Object {
        "apiKey": Object {
          "label": "API key",
          "shorthand": "ak",
          "type": "string",
          "value": "",
        },
        "background": Object {
          "label": "Background color",
          "shorthand": "bg",
          "type": "string",
          "value": "#000000",
        },
        "color": Object {
          "label": "Text color",
          "shorthand": "col",
          "type": "string",
          "value": "#ffffff",
        },
        "customCSS": Object {
          "label": "Custom stylesheet URL",
          "shorthand": "cs",
          "type": "string",
          "value": "http://example.org",
        },
        "fontFamily": Object {
          "label": "Font family",
          "shorthand": "ff",
          "type": "string",
          "value": "Arial",
        },
        "fontSize": Object {
          "label": "Font size",
          "shorthand": "fz",
          "type": "number",
          "value": 24,
        },
        "fontStyle": Object {
          "label": "Font style",
          "shorthand": "fs",
          "type": "string",
          "value": "normal",
        },
        "fontWeight": Object {
          "label": "Font weight",
          "shorthand": "fw",
          "type": "string",
          "value": "bold",
        },
        "letterSpacing": Object {
          "label": "Letter spacing",
          "shorthand": "ls",
          "type": "string",
          "value": "auto",
        },
        "paddingBottom": Object {
          "label": "Bottom padding",
          "shorthand": "pb",
          "type": "number",
          "value": 5,
        },
        "paddingLeft": Object {
          "label": "Left padding",
          "shorthand": "pl",
          "type": "number",
          "value": 5,
        },
        "paddingRight": Object {
          "label": "Right padding",
          "shorthand": "pr",
          "type": "number",
          "value": 5,
        },
        "paddingTop": Object {
          "label": "Top padding",
          "shorthand": "pt",
          "type": "number",
          "value": 5,
        },
        "width": Object {
          "label": "Container width",
          "shorthand": "w",
          "type": "number",
          "value": "200",
        },
      },
      "route": "/lastfmrecentsong",
    },
  ],
}
`;
